2026-05-26 18:59:28,420 INFO o.a.j.u.JMeterUtils: Setting Locale to en_EN
2026-05-26 18:59:28,441 INFO o.a.j.JMeter: Loading user properties from: D:\Jmeter\bin\user.properties
2026-05-26 18:59:28,441 INFO o.a.j.JMeter: Loading system properties from: D:\Jmeter\bin\system.properties
2026-05-26 18:59:28,450 INFO o.a.j.JMeter: Copyright (c) 1998-2024 The Apache Software Foundation
2026-05-26 18:59:28,450 INFO o.a.j.JMeter: Version 5.6.3
2026-05-26 18:59:28,450 INFO o.a.j.JMeter: java.version=21.0.9
2026-05-26 18:59:28,450 INFO o.a.j.JMeter: java.vm.name=Java HotSpot(TM) 64-Bit Server VM
2026-05-26 18:59:28,450 INFO o.a.j.JMeter: os.name=Windows 11
2026-05-26 18:59:28,450 INFO o.a.j.JMeter: os.arch=amd64
2026-05-26 18:59:28,450 INFO o.a.j.JMeter: os.version=10.0
2026-05-26 18:59:28,450 INFO o.a.j.JMeter: file.encoding=UTF-8
2026-05-26 18:59:28,450 INFO o.a.j.JMeter: java.awt.headless=true
2026-05-26 18:59:28,450 INFO o.a.j.JMeter: Max memory     =1073741824
2026-05-26 18:59:28,450 INFO o.a.j.JMeter: Available Processors =16
2026-05-26 18:59:28,450 INFO o.a.j.JMeter: Default Locale=English (EN)
2026-05-26 18:59:28,450 INFO o.a.j.JMeter: JMeter  Locale=English (EN)
2026-05-26 18:59:28,450 INFO o.a.j.JMeter: JMeterHome=D:\Jmeter
2026-05-26 18:59:28,450 INFO o.a.j.JMeter: user.dir  =D:\exm2\api-orders
2026-05-26 18:59:28,450 INFO o.a.j.JMeter: PWD       =D:\exm2\api-orders
2026-05-26 18:59:28,466 INFO o.a.j.JMeter: IP: 10.10.10.117 Name: David FullName: 10.10.10.117
2026-05-26 18:59:28,466 INFO o.a.j.JMeter: Setting property 'jmeter.reportgenerator.outputdir' to:'D:\exm2\api-orders\reporte_jmeter'
2026-05-26 18:59:28,466 INFO o.a.j.s.FileServer: Default base='D:\exm2\api-orders'
2026-05-26 18:59:28,466 INFO o.a.j.s.FileServer: Set new base='D:\exm2\api-orders'
2026-05-26 18:59:28,606 INFO o.a.j.s.SaveService: Testplan (JMX) version: 2.2. Testlog (JTL) version: 2.2
2026-05-26 18:59:28,625 INFO o.a.j.s.SaveService: Using SaveService properties version 5.0
2026-05-26 18:59:28,635 INFO o.a.j.s.SaveService: Using SaveService properties file encoding UTF-8
2026-05-26 18:59:28,638 INFO o.a.j.s.SaveService: Loading file: prueba_carga.jmx
2026-05-26 18:59:28,701 INFO o.a.j.p.h.s.HTTPSamplerBase: Parser for text/html is org.apache.jmeter.protocol.http.parser.LagartoBasedHtmlParser
2026-05-26 18:59:28,701 INFO o.a.j.p.h.s.HTTPSamplerBase: Parser for application/xhtml+xml is org.apache.jmeter.protocol.http.parser.LagartoBasedHtmlParser
2026-05-26 18:59:28,701 INFO o.a.j.p.h.s.HTTPSamplerBase: Parser for application/xml is org.apache.jmeter.protocol.http.parser.LagartoBasedHtmlParser
2026-05-26 18:59:28,701 INFO o.a.j.p.h.s.HTTPSamplerBase: Parser for text/xml is org.apache.jmeter.protocol.http.parser.LagartoBasedHtmlParser
2026-05-26 18:59:28,701 INFO o.a.j.p.h.s.HTTPSamplerBase: Parser for text/vnd.wap.wml is org.apache.jmeter.protocol.http.parser.RegexpHTMLParser
2026-05-26 18:59:28,701 INFO o.a.j.p.h.s.HTTPSamplerBase: Parser for text/css is org.apache.jmeter.protocol.http.parser.CssParser
2026-05-26 18:59:28,732 INFO o.a.j.JMeter: Creating summariser <summary>
2026-05-26 18:59:28,732 INFO o.a.j.r.d.ReportGenerator: ReportGenerator will use for Parsing the separator: ','
2026-05-26 18:59:28,732 INFO o.a.j.r.d.ReportGenerator: Will generate report at end of test from  results file: resultados.jtl
2026-05-26 18:59:28,732 INFO o.a.j.r.d.ReportGenerator: Reading report generator properties from: D:\Jmeter\bin\reportgenerator.properties
2026-05-26 18:59:28,781 INFO o.a.j.r.d.ReportGenerator: Merging with JMeter properties
2026-05-26 18:59:28,783 INFO o.a.j.r.c.ReportGeneratorConfiguration: Property 'jmeter.reportgenerator.temp_dir' not found, using default value 'temp' instead.
2026-05-26 18:59:28,783 INFO o.a.j.r.c.ReportGeneratorConfiguration: Property 'jmeter.reportgenerator.apdex_per_transaction' not found, using default value 'null' instead.
2026-05-26 18:59:28,783 INFO o.a.j.r.c.ReportGeneratorConfiguration: apdex_per_transaction is empty, not APDEX per transaction customization
2026-05-26 18:59:28,783 INFO o.a.j.r.c.ReportGeneratorConfiguration: Property 'jmeter.reportgenerator.sample_filter' not found, using default value 'null' instead.
2026-05-26 18:59:28,783 INFO o.a.j.r.c.ReportGeneratorConfiguration: Property 'jmeter.reportgenerator.report_title' not found, using default value 'null' instead.
2026-05-26 18:59:28,783 INFO o.a.j.r.c.ReportGeneratorConfiguration: Property 'jmeter.reportgenerator.start_date' not found, using default value 'null' instead.
2026-05-26 18:59:28,783 INFO o.a.j.r.c.ReportGeneratorConfiguration: Property 'jmeter.reportgenerator.end_date' not found, using default value 'null' instead.
2026-05-26 18:59:28,783 INFO o.a.j.r.c.ReportGeneratorConfiguration: Property 'jmeter.reportgenerator.date_format' not found, using default value 'null' instead.
2026-05-26 18:59:28,783 INFO o.a.j.r.c.ReportGeneratorConfiguration: Will use date range start date: null, end date: null
2026-05-26 18:59:28,783 INFO o.a.j.r.c.ReportGeneratorConfiguration: Property 'jmeter.reportgenerator.graph.totalTPS.exclude_controllers' not found, using default value 'false' instead.
2026-05-26 18:59:28,783 INFO o.a.j.r.c.ReportGeneratorConfiguration: Property 'jmeter.reportgenerator.graph.activeThreadsOverTime.exclude_controllers' not found, using default value 'false' instead.
2026-05-26 18:59:28,783 INFO o.a.j.r.c.ReportGeneratorConfiguration: Property 'jmeter.reportgenerator.graph.timeVsThreads.exclude_controllers' not found, using default value 'false' instead.
2026-05-26 18:59:28,783 INFO o.a.j.r.c.ReportGeneratorConfiguration: Property 'jmeter.reportgenerator.graph.responseTimeDistribution.exclude_controllers' not found, using default value 'false' instead.
2026-05-26 18:59:28,783 INFO o.a.j.r.c.ReportGeneratorConfiguration: Property 'jmeter.reportgenerator.graph.transactionsPerSecond.exclude_controllers' not found, using default value 'false' instead.
2026-05-26 18:59:28,783 INFO o.a.j.r.c.ReportGeneratorConfiguration: Property 'jmeter.reportgenerator.graph.responseTimePercentiles.exclude_controllers' not found, using default value 'false' instead.
2026-05-26 18:59:28,783 INFO o.a.j.r.c.ReportGeneratorConfiguration: Property 'jmeter.reportgenerator.graph.responseTimePercentilesOverTime.exclude_controllers' not found, using default value 'false' instead.
2026-05-26 18:59:28,783 INFO o.a.j.r.c.ReportGeneratorConfiguration: Property 'jmeter.reportgenerator.graph.responseTimesOverTime.exclude_controllers' not found, using default value 'false' instead.
2026-05-26 18:59:28,783 INFO o.a.j.r.c.ReportGeneratorConfiguration: Property 'jmeter.reportgenerator.graph.connectTimeOverTime.exclude_controllers' not found, using default value 'false' instead.
2026-05-26 18:59:28,783 INFO o.a.j.r.c.ReportGeneratorConfiguration: Property 'jmeter.reportgenerator.graph.latenciesOverTime.exclude_controllers' not found, using default value 'false' instead.
2026-05-26 18:59:28,783 INFO o.a.j.r.c.ReportGeneratorConfiguration: Property 'jmeter.reportgenerator.exporter.json.filters_only_sample_series' not found, using default value 'true' instead.
2026-05-26 18:59:28,783 INFO o.a.j.r.c.ReportGeneratorConfiguration: Property 'jmeter.reportgenerator.exporter.json.series_filter' not found, using default value '' instead.
2026-05-26 18:59:28,783 INFO o.a.j.r.c.ReportGeneratorConfiguration: Property 'jmeter.reportgenerator.exporter.json.show_controllers_only' not found, using default value 'false' instead.
2026-05-26 18:59:28,783 INFO o.a.j.r.c.ReportGeneratorConfiguration: Property 'jmeter.reportgenerator.exporter.html.filters_only_sample_series' not found, using default value 'true' instead.
2026-05-26 18:59:28,783 INFO o.a.j.r.c.ReportGeneratorConfiguration: Property 'jmeter.reportgenerator.exporter.html.series_filter' not found, using default value '' instead.
2026-05-26 18:59:28,783 INFO o.a.j.r.c.ReportGeneratorConfiguration: Property 'jmeter.reportgenerator.exporter.html.show_controllers_only' not found, using default value 'false' instead.
2026-05-26 18:59:28,798 INFO o.a.j.e.StandardJMeterEngine: Running the test!
2026-05-26 18:59:28,807 INFO o.a.j.s.SampleEvent: List of sample_variables: []
2026-05-26 18:59:28,807 INFO o.a.j.s.SampleEvent: List of sample_variables: []
2026-05-26 18:59:28,812 INFO o.a.j.e.u.CompoundVariable: Note: Function class names must contain the string: '.functions.'
2026-05-26 18:59:28,812 INFO o.a.j.e.u.CompoundVariable: Note: Function class names must not contain the string: '.gui.'
2026-05-26 18:59:28,867 INFO o.a.j.JMeter: Running test (1779839968867)
2026-05-26 18:59:28,882 INFO o.a.j.e.StandardJMeterEngine: Starting ThreadGroup: 1 : Thread Group
2026-05-26 18:59:28,882 INFO o.a.j.e.StandardJMeterEngine: Starting 200 threads for group Thread Group.
2026-05-26 18:59:28,882 INFO o.a.j.e.StandardJMeterEngine: Thread will continue on error
2026-05-26 18:59:28,882 INFO o.a.j.t.ThreadGroup: Starting thread group... number=1 threads=200 ramp-up=10 delayedStart=false
2026-05-26 18:59:28,892 INFO o.a.j.t.JMeterThread: Thread started: Thread Group 1-1
2026-05-26 18:59:28,913 INFO o.a.j.p.h.s.HTTPHCAbstractImpl: Local host = David
2026-05-26 18:59:28,926 INFO o.a.j.p.h.s.HTTPHC4Impl: HTTP request retry count = 0
2026-05-26 18:59:28,929 INFO o.a.j.s.SampleResult: Note: Sample TimeStamps are START times
2026-05-26 18:59:28,929 INFO o.a.j.s.SampleResult: sampleresult.default.encoding is set to UTF-8
2026-05-26 18:59:28,929 INFO o.a.j.s.SampleResult: sampleresult.useNanoTime=true
2026-05-26 18:59:28,929 INFO o.a.j.s.SampleResult: sampleresult.nanoThreadSleep=5000
2026-05-26 18:59:28,938 INFO o.a.j.t.ThreadGroup: Started thread group number 1
2026-05-26 18:59:28,938 INFO o.a.j.e.StandardJMeterEngine: All thread groups have been started
2026-05-26 18:59:28,943 INFO o.a.j.t.JMeterThread: Thread started: Thread Group 1-2
2026-05-26 18:59:28,993 INFO o.a.j.t.JMeterThread: Thread started: Thread Group 1-3
2026-05-26 18:59:29,035 INFO o.a.j.t.JMeterThread: Thread started: Thread Group 1-4
2026-05-26 18:59:29,064 INFO o.a.j.t.JMeterThread: Thread is done: Thread Group 1-4
2026-05-26 18:59:29,065 INFO o.a.j.t.JMeterThread: Thread finished: Thread Group 1-4
2026-05-26 18:59:29,064 INFO o.a.j.t.JMeterThread: Thread is done: Thread Group 1-1
2026-05-26 18:59:29,064 INFO o.a.j.t.JMeterThread: Thread is done: Thread Group 1-2
2026-05-26 18:59:29,064 INFO o.a.j.t.JMeterThread: Thread is done: Thread Group 1-3
2026-05-26 18:59:29,065 INFO o.a.j.t.JMeterThread: Thread finished: Thread Group 1-2
2026-05-26 18:59:29,065 INFO o.a.j.t.JMeterThread: Thread finished: Thread Group 1-1
2026-05-26 18:59:29,065 INFO o.a.j.t.JMeterThread: Thread finished: Thread Group 1-3
2026-05-26 18:59:29,085 INFO o.a.j.t.JMeterThread: Thread started: Thread Group 1-5
2026-05-26 18:59:29,095 INFO o.a.j.t.JMeterThread: Thread is done: Thread Group 1-5
2026-05-26 18:59:29,095 INFO o.a.j.t.JMeterThread: Thread finished: Thread Group 1-5
2026-05-26 18:59:29,134 INFO o.a.j.t.JMeterThread: Thread started: Thread Group 1-6
2026-05-26 18:59:29,148 INFO o.a.j.t.JMeterThread: Thread is done: Thread Group 1-6
2026-05-26 18:59:29,149 INFO o.a.j.t.JMeterThread: Thread finished: Thread Group 1-6
2026-05-26 18:59:29,185 INFO o.a.j.t.JMeterThread: Thread started: Thread Group 1-7
2026-05-26 18:59:29,197 INFO o.a.j.t.JMeterThread: Thread is done: Thread Group 1-7
2026-05-26 18:59:29,197 INFO o.a.j.t.JMeterThread: Thread finished: Thread Group 1-7
2026-05-26 18:59:29,233 INFO o.a.j.t.JMeterThread: Thread started: Thread Group 1-8
2026-05-26 18:59:29,244 INFO o.a.j.t.JMeterThread: Thread is done: Thread Group 1-8
2026-05-26 18:59:29,244 INFO o.a.j.t.JMeterThread: Thread finished: Thread Group 1-8
2026-05-26 18:59:29,283 INFO o.a.j.t.JMeterThread: Thread started: Thread Group 1-9
2026-05-26 18:59:29,294 INFO o.a.j.t.JMeterThread: Thread is done: Thread Group 1-9
2026-05-26 18:59:29,294 INFO o.a.j.t.JMeterThread: Thread finished: Thread Group 1-9
2026-05-26 18:59:29,334 INFO o.a.j.t.JMeterThread: Thread started: Thread Group 1-10
2026-05-26 18:59:29,351 INFO o.a.j.t.JMeterThread: Thread is done: Thread Group 1-10
2026-05-26 18:59:29,351 INFO o.a.j.t.JMeterThread: Thread finished: Thread Group 1-10
2026-05-26 18:59:29,384 INFO o.a.j.t.JMeterThread: Thread started: Thread Group 1-11
2026-05-26 18:59:29,402 INFO o.a.j.t.JMeterThread: Thread is done: Thread Group 1-11
2026-05-26 18:59:29,402 INFO o.a.j.t.JMeterThread: Thread finished: Thread Group 1-11
2026-05-26 18:59:29,435 INFO o.a.j.t.JMeterThread: Thread started: Thread Group 1-12
2026-05-26 18:59:29,444 INFO o.a.j.t.JMeterThread: Thread is done: Thread Group 1-12
2026-05-26 18:59:29,445 INFO o.a.j.t.JMeterThread: Thread finished: Thread Group 1-12
2026-05-26 18:59:29,483 INFO o.a.j.t.JMeterThread: Thread started: Thread Group 1-13
2026-05-26 18:59:29,494 INFO o.a.j.t.JMeterThread: Thread is done: Thread Group 1-13
2026-05-26 18:59:29,494 INFO o.a.j.t.JMeterThread: Thread finished: Thread Group 1-13
2026-05-26 18:59:29,534 INFO o.a.j.t.JMeterThread: Thread started: Thread Group 1-14
2026-05-26 18:59:29,547 INFO o.a.j.t.JMeterThread: Thread is done: Thread Group 1-14
2026-05-26 18:59:29,547 INFO o.a.j.t.JMeterThread: Thread finished: Thread Group 1-14
2026-05-26 18:59:29,585 INFO o.a.j.t.JMeterThread: Thread started: Thread Group 1-15
2026-05-26 18:59:29,598 INFO o.a.j.t.JMeterThread: Thread is done: Thread Group 1-15
2026-05-26 18:59:29,599 INFO o.a.j.t.JMeterThread: Thread finished: Thread Group 1-15
2026-05-26 18:59:29,634 INFO o.a.j.t.JMeterThread: Thread started: Thread Group 1-16
2026-05-26 18:59:29,646 INFO o.a.j.t.JMeterThread: Thread is done: Thread Group 1-16
2026-05-26 18:59:29,646 INFO o.a.j.t.JMeterThread: Thread finished: Thread Group 1-16
2026-05-26 18:59:29,683 INFO o.a.j.t.JMeterThread: Thread started: Thread Group 1-17
2026-05-26 18:59:29,697 INFO o.a.j.t.JMeterThread: Thread is done: Thread Group 1-17
2026-05-26 18:59:29,697 INFO o.a.j.t.JMeterThread: Thread finished: Thread Group 1-17
2026-05-26 18:59:29,735 INFO o.a.j.t.JMeterThread: Thread started: Thread Group 1-18
2026-05-26 18:59:29,750 INFO o.a.j.t.JMeterThread: Thread is done: Thread Group 1-18
2026-05-26 18:59:29,751 INFO o.a.j.t.JMeterThread: Thread finished: Thread Group 1-18
2026-05-26 18:59:29,784 INFO o.a.j.t.JMeterThread: Thread started: Thread Group 1-19
2026-05-26 18:59:29,798 INFO o.a.j.t.JMeterThread: Thread is done: Thread Group 1-19
2026-05-26 18:59:29,798 INFO o.a.j.t.JMeterThread: Thread finished: Thread Group 1-19
2026-05-26 18:59:29,834 INFO o.a.j.t.JMeterThread: Thread started: Thread Group 1-20
2026-05-26 18:59:29,845 INFO o.a.j.t.JMeterThread: Thread is done: Thread Group 1-20
2026-05-26 18:59:29,845 INFO o.a.j.t.JMeterThread: Thread finished: Thread Group 1-20
2026-05-26 18:59:29,884 INFO o.a.j.t.JMeterThread: Thread started: Thread Group 1-21
2026-05-26 18:59:29,897 INFO o.a.j.t.JMeterThread: Thread is done: Thread Group 1-21
2026-05-26 18:59:29,897 INFO o.a.j.t.JMeterThread: Thread finished: Thread Group 1-21
2026-05-26 18:59:29,934 INFO o.a.j.t.JMeterThread: Thread started: Thread Group 1-22
2026-05-26 18:59:29,944 INFO o.a.j.t.JMeterThread: Thread is done: Thread Group 1-22
2026-05-26 18:59:29,944 INFO o.a.j.t.JMeterThread: Thread finished: Thread Group 1-22
2026-05-26 18:59:29,984 INFO o.a.j.t.JMeterThread: Thread started: Thread Group 1-23
2026-05-26 18:59:29,993 INFO o.a.j.t.JMeterThread: Thread is done: Thread Group 1-23
2026-05-26 18:59:29,994 INFO o.a.j.t.JMeterThread: Thread finished: Thread Group 1-23
2026-05-26 18:59:30,033 INFO o.a.j.t.JMeterThread: Thread started: Thread Group 1-24
2026-05-26 18:59:30,047 INFO o.a.j.r.Summariser: summary +     24 in 00:00:01 =   20.4/s Avg:    15 Min:     9 Max:    42 Err:     0 (0.00%) Active: 1 Started: 24 Finished: 23
2026-05-26 18:59:30,047 INFO o.a.j.t.JMeterThread: Thread is done: Thread Group 1-24
2026-05-26 18:59:30,047 INFO o.a.j.t.JMeterThread: Thread finished: Thread Group 1-24
2026-05-26 18:59:30,082 INFO o.a.j.t.JMeterThread: Thread started: Thread Group 1-25
2026-05-26 18:59:30,098 INFO o.a.j.t.JMeterThread: Thread is done: Thread Group 1-25
2026-05-26 18:59:30,098 INFO o.a.j.t.JMeterThread: Thread finished: Thread Group 1-25
2026-05-26 18:59:30,132 INFO o.a.j.t.JMeterThread: Thread started: Thread Group 1-26
2026-05-26 18:59:30,144 INFO o.a.j.t.JMeterThread: Thread is done: Thread Group 1-26
2026-05-26 18:59:30,144 INFO o.a.j.t.JMeterThread: Thread finished: Thread Group 1-26
2026-05-26 18:59:30,183 INFO o.a.j.t.JMeterThread: Thread started: Thread Group 1-27
2026-05-26 18:59:30,196 INFO o.a.j.t.JMeterThread: Thread is done: Thread Group 1-27
2026-05-26 18:59:30,197 INFO o.a.j.t.JMeterThread: Thread finished: Thread Group 1-27
2026-05-26 18:59:30,232 INFO o.a.j.t.JMeterThread: Thread started: Thread Group 1-28
2026-05-26 18:59:30,244 INFO o.a.j.t.JMeterThread: Thread is done: Thread Group 1-28
2026-05-26 18:59:30,244 INFO o.a.j.t.JMeterThread: Thread finished: Thread Group 1-28
2026-05-26 18:59:30,283 INFO o.a.j.t.JMeterThread: Thread started: Thread Group 1-29
2026-05-26 18:59:30,295 INFO o.a.j.t.JMeterThread: Thread is done: Thread Group 1-29
2026-05-26 18:59:30,295 INFO o.a.j.t.JMeterThread: Thread finished: Thread Group 1-29
2026-05-26 18:59:30,334 INFO o.a.j.t.JMeterThread: Thread started: Thread Group 1-30
2026-05-26 18:59:30,348 INFO o.a.j.t.JMeterThread: Thread is done: Thread Group 1-30
2026-05-26 18:59:30,349 INFO o.a.j.t.JMeterThread: Thread finished: Thread Group 1-30
2026-05-26 18:59:30,383 INFO o.a.j.t.JMeterThread: Thread started: Thread Group 1-31
2026-05-26 18:59:30,399 INFO o.a.j.t.JMeterThread: Thread is done: Thread Group 1-31
2026-05-26 18:59:30,399 INFO o.a.j.t.JMeterThread: Thread finished: Thread Group 1-31
2026-05-26 18:59:30,433 INFO o.a.j.t.JMeterThread: Thread started: Thread Group 1-32
2026-05-26 18:59:30,452 INFO o.a.j.t.JMeterThread: Thread is done: Thread Group 1-32
2026-05-26 18:59:30,452 INFO o.a.j.t.JMeterThread: Thread finished: Thread Group 1-32
2026-05-26 18:59:30,483 INFO o.a.j.t.JMeterThread: Thread started: Thread Group 1-33
2026-05-26 18:59:30,497 INFO o.a.j.t.JMeterThread: Thread is done: Thread Group 1-33
2026-05-26 18:59:30,497 INFO o.a.j.t.JMeterThread: Thread finished: Thread Group 1-33
2026-05-26 18:59:30,533 INFO o.a.j.t.JMeterThread: Thread started: Thread Group 1-34
2026-05-26 18:59:30,543 INFO o.a.j.t.JMeterThread: Thread is done: Thread Group 1-34
2026-05-26 18:59:30,543 INFO o.a.j.t.JMeterThread: Thread finished: Thread Group 1-34
2026-05-26 18:59:30,582 INFO o.a.j.t.JMeterThread: Thread started: Thread Group 1-35
2026-05-26 18:59:30,596 INFO o.a.j.t.JMeterThread: Thread is done: Thread Group 1-35
2026-05-26 18:59:30,596 INFO o.a.j.t.JMeterThread: Thread finished: Thread Group 1-35
2026-05-26 18:59:30,632 INFO o.a.j.t.JMeterThread: Thread started: Thread Group 1-36
2026-05-26 18:59:30,642 INFO o.a.j.t.JMeterThread: Thread is done: Thread Group 1-36
2026-05-26 18:59:30,642 INFO o.a.j.t.JMeterThread: Thread finished: Thread Group 1-36
2026-05-26 18:59:30,682 INFO o.a.j.t.JMeterThread: Thread started: Thread Group 1-37
2026-05-26 18:59:30,691 INFO o.a.j.t.JMeterThread: Thread is done: Thread Group 1-37
2026-05-26 18:59:30,691 INFO o.a.j.t.JMeterThread: Thread finished: Thread Group 1-37
2026-05-26 18:59:30,734 INFO o.a.j.t.JMeterThread: Thread started: Thread Group 1-38
2026-05-26 18:59:30,746 INFO o.a.j.t.JMeterThread: Thread is done: Thread Group 1-38
2026-05-26 18:59:30,746 INFO o.a.j.t.JMeterThread: Thread finished: Thread Group 1-38
2026-05-26 18:59:30,784 INFO o.a.j.t.JMeterThread: Thread started: Thread Group 1-39
2026-05-26 18:59:30,795 INFO o.a.j.t.JMeterThread: Thread is done: Thread Group 1-39
2026-05-26 18:59:30,795 INFO o.a.j.t.JMeterThread: Thread finished: Thread Group 1-39
2026-05-26 18:59:30,833 INFO o.a.j.t.JMeterThread: Thread started: Thread Group 1-40
2026-05-26 18:59:30,842 INFO o.a.j.t.JMeterThread: Thread is done: Thread Group 1-40
2026-05-26 18:59:30,842 INFO o.a.j.t.JMeterThread: Thread finished: Thread Group 1-40
2026-05-26 18:59:30,882 INFO o.a.j.t.JMeterThread: Thread started: Thread Group 1-41
2026-05-26 18:59:30,891 INFO o.a.j.t.JMeterThread: Thread is done: Thread Group 1-41
2026-05-26 18:59:30,891 INFO o.a.j.t.JMeterThread: Thread finished: Thread Group 1-41
2026-05-26 18:59:30,934 INFO o.a.j.t.JMeterThread: Thread started: Thread Group 1-42
2026-05-26 18:59:30,945 INFO o.a.j.t.JMeterThread: Thread is done: Thread Group 1-42
2026-05-26 18:59:30,945 INFO o.a.j.t.JMeterThread: Thread finished: Thread Group 1-42
2026-05-26 18:59:30,983 INFO o.a.j.t.JMeterThread: Thread started: Thread Group 1-43
2026-05-26 18:59:30,997 INFO o.a.j.t.JMeterThread: Thread is done: Thread Group 1-43
2026-05-26 18:59:30,997 INFO o.a.j.t.JMeterThread: Thread finished: Thread Group 1-43
2026-05-26 18:59:31,033 INFO o.a.j.t.JMeterThread: Thread started: Thread Group 1-44
2026-05-26 18:59:31,049 INFO o.a.j.t.JMeterThread: Thread is done: Thread Group 1-44
2026-05-26 18:59:31,049 INFO o.a.j.t.JMeterThread: Thread finished: Thread Group 1-44
2026-05-26 18:59:31,084 INFO o.a.j.t.JMeterThread: Thread started: Thread Group 1-45
2026-05-26 18:59:31,097 INFO o.a.j.t.JMeterThread: Thread is done: Thread Group 1-45
2026-05-26 18:59:31,099 INFO o.a.j.t.JMeterThread: Thread finished: Thread Group 1-45
2026-05-26 18:59:31,134 INFO o.a.j.t.JMeterThread: Thread started: Thread Group 1-46
2026-05-26 18:59:31,148 INFO o.a.j.t.JMeterThread: Thread is done: Thread Group 1-46
2026-05-26 18:59:31,149 INFO o.a.j.t.JMeterThread: Thread finished: Thread Group 1-46
2026-05-26 18:59:31,183 INFO o.a.j.t.JMeterThread: Thread started: Thread Group 1-47
2026-05-26 18:59:31,191 INFO o.a.j.t.JMeterThread: Thread is done: Thread Group 1-47
2026-05-26 18:59:31,192 INFO o.a.j.t.JMeterThread: Thread finished: Thread Group 1-47
2026-05-26 18:59:31,233 INFO o.a.j.t.JMeterThread: Thread started: Thread Group 1-48
2026-05-26 18:59:31,246 INFO o.a.j.t.JMeterThread: Thread is done: Thread Group 1-48
2026-05-26 18:59:31,246 INFO o.a.j.t.JMeterThread: Thread finished: Thread Group 1-48
2026-05-26 18:59:31,283 INFO o.a.j.t.JMeterThread: Thread started: Thread Group 1-49
2026-05-26 18:59:31,293 INFO o.a.j.t.JMeterThread: Thread is done: Thread Group 1-49
2026-05-26 18:59:31,294 INFO o.a.j.t.JMeterThread: Thread finished: Thread Group 1-49
2026-05-26 18:59:31,334 INFO o.a.j.t.JMeterThread: Thread started: Thread Group 1-50
2026-05-26 18:59:31,345 INFO o.a.j.t.JMeterThread: Thread is done: Thread Group 1-50
2026-05-26 18:59:31,345 INFO o.a.j.t.JMeterThread: Thread finished: Thread Group 1-50
2026-05-26 18:59:31,382 INFO o.a.j.t.JMeterThread: Thread started: Thread Group 1-51
2026-05-26 18:59:31,397 INFO o.a.j.t.JMeterThread: Thread is done: Thread Group 1-51
2026-05-26 18:59:31,397 INFO o.a.j.t.JMeterThread: Thread finished: Thread Group 1-51
2026-05-26 18:59:31,432 INFO o.a.j.t.JMeterThread: Thread started: Thread Group 1-52
2026-05-26 18:59:31,446 INFO o.a.j.t.JMeterThread: Thread is done: Thread Group 1-52
2026-05-26 18:59:31,446 INFO o.a.j.t.JMeterThread: Thread finished: Thread Group 1-52
2026-05-26 18:59:31,484 INFO o.a.j.t.JMeterThread: Thread started: Thread Group 1-53
2026-05-26 18:59:31,495 INFO o.a.j.t.JMeterThread: Thread is done: Thread Group 1-53
2026-05-26 18:59:31,495 INFO o.a.j.t.JMeterThread: Thread finished: Thread Group 1-53
2026-05-26 18:59:31,533 INFO o.a.j.t.JMeterThread: Thread started: Thread Group 1-54
2026-05-26 18:59:31,550 INFO o.a.j.t.JMeterThread: Thread is done: Thread Group 1-54
2026-05-26 18:59:31,550 INFO o.a.j.t.JMeterThread: Thread finished: Thread Group 1-54
2026-05-26 18:59:31,583 INFO o.a.j.t.JMeterThread: Thread started: Thread Group 1-55
2026-05-26 18:59:31,599 INFO o.a.j.t.JMeterThread: Thread is done: Thread Group 1-55
2026-05-26 18:59:31,600 INFO o.a.j.t.JMeterThread: Thread finished: Thread Group 1-55
2026-05-26 18:59:31,632 INFO o.a.j.t.JMeterThread: Thread started: Thread Group 1-56
2026-05-26 18:59:31,646 INFO o.a.j.t.JMeterThread: Thread is done: Thread Group 1-56
2026-05-26 18:59:31,646 INFO o.a.j.t.JMeterThread: Thread finished: Thread Group 1-56
2026-05-26 18:59:31,683 INFO o.a.j.t.JMeterThread: Thread started: Thread Group 1-57
2026-05-26 18:59:31,695 INFO o.a.j.t.JMeterThread: Thread is done: Thread Group 1-57
2026-05-26 18:59:31,695 INFO o.a.j.t.JMeterThread: Thread finished: Thread Group 1-57
2026-05-26 18:59:31,732 INFO o.a.j.t.JMeterThread: Thread started: Thread Group 1-58
2026-05-26 18:59:31,743 INFO o.a.j.t.JMeterThread: Thread is done: Thread Group 1-58
2026-05-26 18:59:31,743 INFO o.a.j.t.JMeterThread: Thread finished: Thread Group 1-58
2026-05-26 18:59:31,783 INFO o.a.j.t.JMeterThread: Thread started: Thread Group 1-59
2026-05-26 18:59:31,794 INFO o.a.j.t.JMeterThread: Thread is done: Thread Group 1-59
2026-05-26 18:59:31,794 INFO o.a.j.t.JMeterThread: Thread finished: Thread Group 1-59
2026-05-26 18:59:31,834 INFO o.a.j.t.JMeterThread: Thread started: Thread Group 1-60
2026-05-26 18:59:31,848 INFO o.a.j.t.JMeterThread: Thread is done: Thread Group 1-60
2026-05-26 18:59:31,849 INFO o.a.j.t.JMeterThread: Thread finished: Thread Group 1-60
2026-05-26 18:59:31,884 INFO o.a.j.t.JMeterThread: Thread started: Thread Group 1-61
2026-05-26 18:59:31,886 INFO o.a.j.t.JMeterThread: Thread is done: Thread Group 1-61
2026-05-26 18:59:31,886 INFO o.a.j.t.JMeterThread: Thread finished: Thread Group 1-61
2026-05-26 18:59:31,933 INFO o.a.j.t.JMeterThread: Thread started: Thread Group 1-62
2026-05-26 18:59:31,942 INFO o.a.j.t.JMeterThread: Thread is done: Thread Group 1-62
2026-05-26 18:59:31,942 INFO o.a.j.t.JMeterThread: Thread finished: Thread Group 1-62
2026-05-26 18:59:31,984 INFO o.a.j.t.JMeterThread: Thread started: Thread Group 1-63
2026-05-26 18:59:31,999 INFO o.a.j.t.JMeterThread: Thread is done: Thread Group 1-63
2026-05-26 18:59:31,999 INFO o.a.j.t.JMeterThread: Thread finished: Thread Group 1-63
2026-05-26 18:59:32,034 INFO o.a.j.t.JMeterThread: Thread started: Thread Group 1-64
2026-05-26 18:59:32,047 INFO o.a.j.t.JMeterThread: Thread is done: Thread Group 1-64
2026-05-26 18:59:32,048 INFO o.a.j.t.JMeterThread: Thread finished: Thread Group 1-64
2026-05-26 18:59:32,083 INFO o.a.j.t.JMeterThread: Thread started: Thread Group 1-65
2026-05-26 18:59:32,096 INFO o.a.j.t.JMeterThread: Thread is done: Thread Group 1-65
2026-05-26 18:59:32,096 INFO o.a.j.t.JMeterThread: Thread finished: Thread Group 1-65
2026-05-26 18:59:32,133 INFO o.a.j.t.JMeterThread: Thread started: Thread Group 1-66
2026-05-26 18:59:32,142 INFO o.a.j.t.JMeterThread: Thread is done: Thread Group 1-66
2026-05-26 18:59:32,142 INFO o.a.j.t.JMeterThread: Thread finished: Thread Group 1-66
2026-05-26 18:59:32,183 INFO o.a.j.t.JMeterThread: Thread started: Thread Group 1-67
2026-05-26 18:59:32,193 INFO o.a.j.t.JMeterThread: Thread is done: Thread Group 1-67
2026-05-26 18:59:32,194 INFO o.a.j.t.JMeterThread: Thread finished: Thread Group 1-67
2026-05-26 18:59:32,233 INFO o.a.j.t.JMeterThread: Thread started: Thread Group 1-68
2026-05-26 18:59:32,242 INFO o.a.j.t.JMeterThread: Thread is done: Thread Group 1-68
2026-05-26 18:59:32,243 INFO o.a.j.t.JMeterThread: Thread finished: Thread Group 1-68
2026-05-26 18:59:32,282 INFO o.a.j.t.JMeterThread: Thread started: Thread Group 1-69
2026-05-26 18:59:32,291 INFO o.a.j.t.JMeterThread: Thread is done: Thread Group 1-69
2026-05-26 18:59:32,292 INFO o.a.j.t.JMeterThread: Thread finished: Thread Group 1-69
2026-05-26 18:59:32,332 INFO o.a.j.t.JMeterThread: Thread started: Thread Group 1-70
2026-05-26 18:59:32,346 INFO o.a.j.t.JMeterThread: Thread is done: Thread Group 1-70
2026-05-26 18:59:32,347 INFO o.a.j.t.JMeterThread: Thread finished: Thread Group 1-70
2026-05-26 18:59:32,383 INFO o.a.j.t.JMeterThread: Thread started: Thread Group 1-71
2026-05-26 18:59:32,394 INFO o.a.j.t.JMeterThread: Thread is done: Thread Group 1-71
2026-05-26 18:59:32,394 INFO o.a.j.t.JMeterThread: Thread finished: Thread Group 1-71
2026-05-26 18:59:32,433 INFO o.a.j.t.JMeterThread: Thread started: Thread Group 1-72
2026-05-26 18:59:32,442 INFO o.a.j.t.JMeterThread: Thread is done: Thread Group 1-72
2026-05-26 18:59:32,442 INFO o.a.j.t.JMeterThread: Thread finished: Thread Group 1-72
2026-05-26 18:59:32,482 INFO o.a.j.t.JMeterThread: Thread started: Thread Group 1-73
2026-05-26 18:59:32,491 INFO o.a.j.t.JMeterThread: Thread is done: Thread Group 1-73
2026-05-26 18:59:32,491 INFO o.a.j.t.JMeterThread: Thread finished: Thread Group 1-73
2026-05-26 18:59:32,533 INFO o.a.j.t.JMeterThread: Thread started: Thread Group 1-74
2026-05-26 18:59:32,543 INFO o.a.j.t.JMeterThread: Thread is done: Thread Group 1-74
2026-05-26 18:59:32,544 INFO o.a.j.t.JMeterThread: Thread finished: Thread Group 1-74
2026-05-26 18:59:32,582 INFO o.a.j.t.JMeterThread: Thread started: Thread Group 1-75
2026-05-26 18:59:32,590 INFO o.a.j.t.JMeterThread: Thread is done: Thread Group 1-75
2026-05-26 18:59:32,590 INFO o.a.j.t.JMeterThread: Thread finished: Thread Group 1-75
2026-05-26 18:59:32,632 INFO o.a.j.t.JMeterThread: Thread started: Thread Group 1-76
2026-05-26 18:59:32,641 INFO o.a.j.t.JMeterThread: Thread is done: Thread Group 1-76
2026-05-26 18:59:32,641 INFO o.a.j.t.JMeterThread: Thread finished: Thread Group 1-76
2026-05-26 18:59:32,684 INFO o.a.j.t.JMeterThread: Thread started: Thread Group 1-77
2026-05-26 18:59:32,693 INFO o.a.j.t.JMeterThread: Thread is done: Thread Group 1-77
2026-05-26 18:59:32,693 INFO o.a.j.t.JMeterThread: Thread finished: Thread Group 1-77
2026-05-26 18:59:32,734 INFO o.a.j.t.JMeterThread: Thread started: Thread Group 1-78
2026-05-26 18:59:32,742 INFO o.a.j.t.JMeterThread: Thread is done: Thread Group 1-78
2026-05-26 18:59:32,742 INFO o.a.j.t.JMeterThread: Thread finished: Thread Group 1-78
2026-05-26 18:59:32,782 INFO o.a.j.t.JMeterThread: Thread started: Thread Group 1-79
2026-05-26 18:59:32,793 INFO o.a.j.t.JMeterThread: Thread is done: Thread Group 1-79
2026-05-26 18:59:32,793 INFO o.a.j.t.JMeterThread: Thread finished: Thread Group 1-79
2026-05-26 18:59:32,833 INFO o.a.j.t.JMeterThread: Thread started: Thread Group 1-80
2026-05-26 18:59:32,843 INFO o.a.j.t.JMeterThread: Thread is done: Thread Group 1-80
2026-05-26 18:59:32,843 INFO o.a.j.t.JMeterThread: Thread finished: Thread Group 1-80
2026-05-26 18:59:32,883 INFO o.a.j.t.JMeterThread: Thread started: Thread Group 1-81
2026-05-26 18:59:32,885 INFO o.a.j.t.JMeterThread: Thread is done: Thread Group 1-81
2026-05-26 18:59:32,885 INFO o.a.j.t.JMeterThread: Thread finished: Thread Group 1-81
2026-05-26 18:59:32,934 INFO o.a.j.t.JMeterThread: Thread started: Thread Group 1-82
2026-05-26 18:59:32,941 INFO o.a.j.t.JMeterThread: Thread is done: Thread Group 1-82
2026-05-26 18:59:32,941 INFO o.a.j.t.JMeterThread: Thread finished: Thread Group 1-82
2026-05-26 18:59:32,984 INFO o.a.j.t.JMeterThread: Thread started: Thread Group 1-83
2026-05-26 18:59:32,995 INFO o.a.j.t.JMeterThread: Thread is done: Thread Group 1-83
2026-05-26 18:59:32,995 INFO o.a.j.t.JMeterThread: Thread finished: Thread Group 1-83
2026-05-26 18:59:33,033 INFO o.a.j.t.JMeterThread: Thread started: Thread Group 1-84
2026-05-26 18:59:33,046 INFO o.a.j.t.JMeterThread: Thread is done: Thread Group 1-84
2026-05-26 18:59:33,046 INFO o.a.j.t.JMeterThread: Thread finished: Thread Group 1-84
2026-05-26 18:59:33,083 INFO o.a.j.t.JMeterThread: Thread started: Thread Group 1-85
2026-05-26 18:59:33,095 INFO o.a.j.t.JMeterThread: Thread is done: Thread Group 1-85
2026-05-26 18:59:33,095 INFO o.a.j.t.JMeterThread: Thread finished: Thread Group 1-85
2026-05-26 18:59:33,133 INFO o.a.j.t.JMeterThread: Thread started: Thread Group 1-86
2026-05-26 18:59:33,142 INFO o.a.j.t.JMeterThread: Thread is done: Thread Group 1-86
2026-05-26 18:59:33,142 INFO o.a.j.t.JMeterThread: Thread finished: Thread Group 1-86
2026-05-26 18:59:33,183 INFO o.a.j.t.JMeterThread: Thread started: Thread Group 1-87
2026-05-26 18:59:33,196 INFO o.a.j.t.JMeterThread: Thread is done: Thread Group 1-87
2026-05-26 18:59:33,196 INFO o.a.j.t.JMeterThread: Thread finished: Thread Group 1-87
2026-05-26 18:59:33,235 INFO o.a.j.t.JMeterThread: Thread started: Thread Group 1-88
2026-05-26 18:59:33,242 INFO o.a.j.t.JMeterThread: Thread is done: Thread Group 1-88
2026-05-26 18:59:33,243 INFO o.a.j.t.JMeterThread: Thread finished: Thread Group 1-88
2026-05-26 18:59:33,283 INFO o.a.j.t.JMeterThread: Thread started: Thread Group 1-89
2026-05-26 18:59:33,296 INFO o.a.j.t.JMeterThread: Thread is done: Thread Group 1-89
2026-05-26 18:59:33,296 INFO o.a.j.t.JMeterThread: Thread finished: Thread Group 1-89
2026-05-26 18:59:33,333 INFO o.a.j.t.JMeterThread: Thread started: Thread Group 1-90
2026-05-26 18:59:33,372 INFO o.a.j.t.JMeterThread: Thread is done: Thread Group 1-90
2026-05-26 18:59:33,372 INFO o.a.j.t.JMeterThread: Thread finished: Thread Group 1-90
2026-05-26 18:59:33,384 INFO o.a.j.t.JMeterThread: Thread started: Thread Group 1-91
2026-05-26 18:59:33,393 INFO o.a.j.t.JMeterThread: Thread is done: Thread Group 1-91
2026-05-26 18:59:33,393 INFO o.a.j.t.JMeterThread: Thread finished: Thread Group 1-91
2026-05-26 18:59:33,433 INFO o.a.j.t.JMeterThread: Thread started: Thread Group 1-92
2026-05-26 18:59:33,443 INFO o.a.j.t.JMeterThread: Thread is done: Thread Group 1-92
2026-05-26 18:59:33,444 INFO o.a.j.t.JMeterThread: Thread finished: Thread Group 1-92
2026-05-26 18:59:33,483 INFO o.a.j.t.JMeterThread: Thread started: Thread Group 1-93
2026-05-26 18:59:33,495 INFO o.a.j.t.JMeterThread: Thread is done: Thread Group 1-93
2026-05-26 18:59:33,495 INFO o.a.j.t.JMeterThread: Thread finished: Thread Group 1-93
2026-05-26 18:59:33,533 INFO o.a.j.t.JMeterThread: Thread started: Thread Group 1-94
2026-05-26 18:59:33,543 INFO o.a.j.t.JMeterThread: Thread is done: Thread Group 1-94
2026-05-26 18:59:33,543 INFO o.a.j.t.JMeterThread: Thread finished: Thread Group 1-94
2026-05-26 18:59:33,584 INFO o.a.j.t.JMeterThread: Thread started: Thread Group 1-95
2026-05-26 18:59:33,594 INFO o.a.j.t.JMeterThread: Thread is done: Thread Group 1-95
2026-05-26 18:59:33,595 INFO o.a.j.t.JMeterThread: Thread finished: Thread Group 1-95
2026-05-26 18:59:33,634 INFO o.a.j.t.JMeterThread: Thread started: Thread Group 1-96
2026-05-26 18:59:33,641 INFO o.a.j.t.JMeterThread: Thread is done: Thread Group 1-96
2026-05-26 18:59:33,641 INFO o.a.j.t.JMeterThread: Thread finished: Thread Group 1-96
2026-05-26 18:59:33,683 INFO o.a.j.t.JMeterThread: Thread started: Thread Group 1-97
2026-05-26 18:59:33,693 INFO o.a.j.t.JMeterThread: Thread is done: Thread Group 1-97
2026-05-26 18:59:33,694 INFO o.a.j.t.JMeterThread: Thread finished: Thread Group 1-97
2026-05-26 18:59:33,734 INFO o.a.j.t.JMeterThread: Thread started: Thread Group 1-98
2026-05-26 18:59:33,745 INFO o.a.j.t.JMeterThread: Thread is done: Thread Group 1-98
2026-05-26 18:59:33,746 INFO o.a.j.t.JMeterThread: Thread finished: Thread Group 1-98
2026-05-26 18:59:33,783 INFO o.a.j.t.JMeterThread: Thread started: Thread Group 1-99
2026-05-26 18:59:33,792 INFO o.a.j.t.JMeterThread: Thread is done: Thread Group 1-99
2026-05-26 18:59:33,792 INFO o.a.j.t.JMeterThread: Thread finished: Thread Group 1-99
2026-05-26 18:59:33,834 INFO o.a.j.t.JMeterThread: Thread started: Thread Group 1-100
2026-05-26 18:59:33,846 INFO o.a.j.t.JMeterThread: Thread is done: Thread Group 1-100
2026-05-26 18:59:33,846 INFO o.a.j.t.JMeterThread: Thread finished: Thread Group 1-100
2026-05-26 18:59:33,892 INFO o.a.j.t.JMeterThread: Thread started: Thread Group 1-101
2026-05-26 18:59:33,902 INFO o.a.j.t.JMeterThread: Thread is done: Thread Group 1-101
2026-05-26 18:59:33,902 INFO o.a.j.t.JMeterThread: Thread finished: Thread Group 1-101
2026-05-26 18:59:33,939 INFO o.a.j.t.JMeterThread: Thread started: Thread Group 1-102
2026-05-26 18:59:33,950 INFO o.a.j.t.JMeterThread: Thread is done: Thread Group 1-102
2026-05-26 18:59:33,950 INFO o.a.j.t.JMeterThread: Thread finished: Thread Group 1-102
2026-05-26 18:59:33,983 INFO o.a.j.t.JMeterThread: Thread started: Thread Group 1-103
2026-05-26 18:59:33,993 INFO o.a.j.t.JMeterThread: Thread is done: Thread Group 1-103
2026-05-26 18:59:33,993 INFO o.a.j.t.JMeterThread: Thread finished: Thread Group 1-103
2026-05-26 18:59:34,032 INFO o.a.j.t.JMeterThread: Thread started: Thread Group 1-104
2026-05-26 18:59:34,045 INFO o.a.j.t.JMeterThread: Thread is done: Thread Group 1-104
2026-05-26 18:59:34,045 INFO o.a.j.t.JMeterThread: Thread finished: Thread Group 1-104
2026-05-26 18:59:34,083 INFO o.a.j.t.JMeterThread: Thread started: Thread Group 1-105
2026-05-26 18:59:34,093 INFO o.a.j.t.JMeterThread: Thread is done: Thread Group 1-105
2026-05-26 18:59:34,093 INFO o.a.j.t.JMeterThread: Thread finished: Thread Group 1-105
2026-05-26 18:59:34,133 INFO o.a.j.t.JMeterThread: Thread started: Thread Group 1-106
2026-05-26 18:59:34,144 INFO o.a.j.t.JMeterThread: Thread is done: Thread Group 1-106
2026-05-26 18:59:34,144 INFO o.a.j.t.JMeterThread: Thread finished: Thread Group 1-106
2026-05-26 18:59:34,183 INFO o.a.j.t.JMeterThread: Thread started: Thread Group 1-107
2026-05-26 18:59:34,195 INFO o.a.j.t.JMeterThread: Thread is done: Thread Group 1-107
2026-05-26 18:59:34,195 INFO o.a.j.t.JMeterThread: Thread finished: Thread Group 1-107
2026-05-26 18:59:34,233 INFO o.a.j.t.JMeterThread: Thread started: Thread Group 1-108
2026-05-26 18:59:34,247 INFO o.a.j.t.JMeterThread: Thread is done: Thread Group 1-108
2026-05-26 18:59:34,247 INFO o.a.j.t.JMeterThread: Thread finished: Thread Group 1-108
2026-05-26 18:59:34,283 INFO o.a.j.t.JMeterThread: Thread started: Thread Group 1-109
2026-05-26 18:59:34,294 INFO o.a.j.t.JMeterThread: Thread is done: Thread Group 1-109
2026-05-26 18:59:34,294 INFO o.a.j.t.JMeterThread: Thread finished: Thread Group 1-109
2026-05-26 18:59:34,334 INFO o.a.j.t.JMeterThread: Thread started: Thread Group 1-110
2026-05-26 18:59:34,344 INFO o.a.j.t.JMeterThread: Thread is done: Thread Group 1-110
2026-05-26 18:59:34,344 INFO o.a.j.t.JMeterThread: Thread finished: Thread Group 1-110
2026-05-26 18:59:34,382 INFO o.a.j.t.JMeterThread: Thread started: Thread Group 1-111
2026-05-26 18:59:34,392 INFO o.a.j.t.JMeterThread: Thread is done: Thread Group 1-111
2026-05-26 18:59:34,392 INFO o.a.j.t.JMeterThread: Thread finished: Thread Group 1-111
2026-05-26 18:59:34,434 INFO o.a.j.t.JMeterThread: Thread started: Thread Group 1-112
2026-05-26 18:59:34,444 INFO o.a.j.t.JMeterThread: Thread is done: Thread Group 1-112
2026-05-26 18:59:34,444 INFO o.a.j.t.JMeterThread: Thread finished: Thread Group 1-112
2026-05-26 18:59:34,484 INFO o.a.j.t.JMeterThread: Thread started: Thread Group 1-113
2026-05-26 18:59:34,501 INFO o.a.j.t.JMeterThread: Thread is done: Thread Group 1-113
2026-05-26 18:59:34,502 INFO o.a.j.t.JMeterThread: Thread finished: Thread Group 1-113
2026-05-26 18:59:34,533 INFO o.a.j.t.JMeterThread: Thread started: Thread Group 1-114
2026-05-26 18:59:34,547 INFO o.a.j.t.JMeterThread: Thread is done: Thread Group 1-114
2026-05-26 18:59:34,547 INFO o.a.j.t.JMeterThread: Thread finished: Thread Group 1-114
2026-05-26 18:59:34,582 INFO o.a.j.t.JMeterThread: Thread started: Thread Group 1-115
2026-05-26 18:59:34,595 INFO o.a.j.t.JMeterThread: Thread is done: Thread Group 1-115
2026-05-26 18:59:34,595 INFO o.a.j.t.JMeterThread: Thread finished: Thread Group 1-115
2026-05-26 18:59:34,632 INFO o.a.j.t.JMeterThread: Thread started: Thread Group 1-116
2026-05-26 18:59:34,643 INFO o.a.j.t.JMeterThread: Thread is done: Thread Group 1-116
2026-05-26 18:59:34,643 INFO o.a.j.t.JMeterThread: Thread finished: Thread Group 1-116
2026-05-26 18:59:34,682 INFO o.a.j.t.JMeterThread: Thread started: Thread Group 1-117
2026-05-26 18:59:34,695 INFO o.a.j.t.JMeterThread: Thread is done: Thread Group 1-117
2026-05-26 18:59:34,695 INFO o.a.j.t.JMeterThread: Thread finished: Thread Group 1-117
2026-05-26 18:59:34,734 INFO o.a.j.t.JMeterThread: Thread started: Thread Group 1-118
2026-05-26 18:59:34,745 INFO o.a.j.t.JMeterThread: Thread is done: Thread Group 1-118
2026-05-26 18:59:34,745 INFO o.a.j.t.JMeterThread: Thread finished: Thread Group 1-118
2026-05-26 18:59:34,784 INFO o.a.j.t.JMeterThread: Thread started: Thread Group 1-119
2026-05-26 18:59:34,797 INFO o.a.j.t.JMeterThread: Thread is done: Thread Group 1-119
2026-05-26 18:59:34,798 INFO o.a.j.t.JMeterThread: Thread finished: Thread Group 1-119
2026-05-26 18:59:34,833 INFO o.a.j.t.JMeterThread: Thread started: Thread Group 1-120
2026-05-26 18:59:34,846 INFO o.a.j.t.JMeterThread: Thread is done: Thread Group 1-120
2026-05-26 18:59:34,846 INFO o.a.j.t.JMeterThread: Thread finished: Thread Group 1-120
2026-05-26 18:59:34,884 INFO o.a.j.t.JMeterThread: Thread started: Thread Group 1-121
2026-05-26 18:59:34,896 INFO o.a.j.t.JMeterThread: Thread is done: Thread Group 1-121
2026-05-26 18:59:34,896 INFO o.a.j.t.JMeterThread: Thread finished: Thread Group 1-121
2026-05-26 18:59:34,933 INFO o.a.j.t.JMeterThread: Thread started: Thread Group 1-122
2026-05-26 18:59:34,945 INFO o.a.j.t.JMeterThread: Thread is done: Thread Group 1-122
2026-05-26 18:59:34,945 INFO o.a.j.t.JMeterThread: Thread finished: Thread Group 1-122
2026-05-26 18:59:34,982 INFO o.a.j.t.JMeterThread: Thread started: Thread Group 1-123
2026-05-26 18:59:34,994 INFO o.a.j.t.JMeterThread: Thread is done: Thread Group 1-123
2026-05-26 18:59:34,995 INFO o.a.j.t.JMeterThread: Thread finished: Thread Group 1-123
2026-05-26 18:59:35,034 INFO o.a.j.t.JMeterThread: Thread started: Thread Group 1-124
2026-05-26 18:59:35,044 INFO o.a.j.t.JMeterThread: Thread is done: Thread Group 1-124
2026-05-26 18:59:35,044 INFO o.a.j.t.JMeterThread: Thread finished: Thread Group 1-124
2026-05-26 18:59:35,082 INFO o.a.j.t.JMeterThread: Thread started: Thread Group 1-125
2026-05-26 18:59:35,092 INFO o.a.j.t.JMeterThread: Thread is done: Thread Group 1-125
2026-05-26 18:59:35,092 INFO o.a.j.t.JMeterThread: Thread finished: Thread Group 1-125
2026-05-26 18:59:35,134 INFO o.a.j.t.JMeterThread: Thread started: Thread Group 1-126
2026-05-26 18:59:35,147 INFO o.a.j.t.JMeterThread: Thread is done: Thread Group 1-126
2026-05-26 18:59:35,147 INFO o.a.j.t.JMeterThread: Thread finished: Thread Group 1-126
2026-05-26 18:59:35,183 INFO o.a.j.t.JMeterThread: Thread started: Thread Group 1-127
2026-05-26 18:59:35,194 INFO o.a.j.t.JMeterThread: Thread is done: Thread Group 1-127
2026-05-26 18:59:35,194 INFO o.a.j.t.JMeterThread: Thread finished: Thread Group 1-127
2026-05-26 18:59:35,233 INFO o.a.j.t.JMeterThread: Thread started: Thread Group 1-128
2026-05-26 18:59:35,258 INFO o.a.j.t.JMeterThread: Thread is done: Thread Group 1-128
2026-05-26 18:59:35,258 INFO o.a.j.t.JMeterThread: Thread finished: Thread Group 1-128
2026-05-26 18:59:35,282 INFO o.a.j.t.JMeterThread: Thread started: Thread Group 1-129
2026-05-26 18:59:35,298 INFO o.a.j.t.JMeterThread: Thread is done: Thread Group 1-129
2026-05-26 18:59:35,298 INFO o.a.j.t.JMeterThread: Thread finished: Thread Group 1-129
2026-05-26 18:59:35,333 INFO o.a.j.t.JMeterThread: Thread started: Thread Group 1-130
2026-05-26 18:59:35,343 INFO o.a.j.t.JMeterThread: Thread is done: Thread Group 1-130
2026-05-26 18:59:35,343 INFO o.a.j.t.JMeterThread: Thread finished: Thread Group 1-130
2026-05-26 18:59:35,383 INFO o.a.j.t.JMeterThread: Thread started: Thread Group 1-131
2026-05-26 18:59:35,394 INFO o.a.j.t.JMeterThread: Thread is done: Thread Group 1-131
2026-05-26 18:59:35,395 INFO o.a.j.t.JMeterThread: Thread finished: Thread Group 1-131
2026-05-26 18:59:35,432 INFO o.a.j.t.JMeterThread: Thread started: Thread Group 1-132
2026-05-26 18:59:35,443 INFO o.a.j.t.JMeterThread: Thread is done: Thread Group 1-132
2026-05-26 18:59:35,443 INFO o.a.j.t.JMeterThread: Thread finished: Thread Group 1-132
2026-05-26 18:59:35,482 INFO o.a.j.t.JMeterThread: Thread started: Thread Group 1-133
2026-05-26 18:59:35,490 INFO o.a.j.t.JMeterThread: Thread is done: Thread Group 1-133
2026-05-26 18:59:35,490 INFO o.a.j.t.JMeterThread: Thread finished: Thread Group 1-133
2026-05-26 18:59:35,533 INFO o.a.j.t.JMeterThread: Thread started: Thread Group 1-134
2026-05-26 18:59:35,541 INFO o.a.j.t.JMeterThread: Thread is done: Thread Group 1-134
2026-05-26 18:59:35,541 INFO o.a.j.t.JMeterThread: Thread finished: Thread Group 1-134
2026-05-26 18:59:35,583 INFO o.a.j.t.JMeterThread: Thread started: Thread Group 1-135
2026-05-26 18:59:35,594 INFO o.a.j.t.JMeterThread: Thread is done: Thread Group 1-135
2026-05-26 18:59:35,594 INFO o.a.j.t.JMeterThread: Thread finished: Thread Group 1-135
2026-05-26 18:59:35,632 INFO o.a.j.t.JMeterThread: Thread started: Thread Group 1-136
2026-05-26 18:59:35,640 INFO o.a.j.t.JMeterThread: Thread is done: Thread Group 1-136
2026-05-26 18:59:35,640 INFO o.a.j.t.JMeterThread: Thread finished: Thread Group 1-136
2026-05-26 18:59:35,682 INFO o.a.j.t.JMeterThread: Thread started: Thread Group 1-137
2026-05-26 18:59:35,693 INFO o.a.j.t.JMeterThread: Thread is done: Thread Group 1-137
2026-05-26 18:59:35,694 INFO o.a.j.t.JMeterThread: Thread finished: Thread Group 1-137
2026-05-26 18:59:35,735 INFO o.a.j.t.JMeterThread: Thread started: Thread Group 1-138
2026-05-26 18:59:35,746 INFO o.a.j.t.JMeterThread: Thread is done: Thread Group 1-138
2026-05-26 18:59:35,746 INFO o.a.j.t.JMeterThread: Thread finished: Thread Group 1-138
2026-05-26 18:59:35,783 INFO o.a.j.t.JMeterThread: Thread started: Thread Group 1-139
2026-05-26 18:59:35,794 INFO o.a.j.t.JMeterThread: Thread is done: Thread Group 1-139
2026-05-26 18:59:35,795 INFO o.a.j.t.JMeterThread: Thread finished: Thread Group 1-139
2026-05-26 18:59:35,832 INFO o.a.j.t.JMeterThread: Thread started: Thread Group 1-140
2026-05-26 18:59:35,842 INFO o.a.j.t.JMeterThread: Thread is done: Thread Group 1-140
2026-05-26 18:59:35,842 INFO o.a.j.t.JMeterThread: Thread finished: Thread Group 1-140
2026-05-26 18:59:35,882 INFO o.a.j.t.JMeterThread: Thread started: Thread Group 1-141
2026-05-26 18:59:35,891 INFO o.a.j.t.JMeterThread: Thread is done: Thread Group 1-141
2026-05-26 18:59:35,891 INFO o.a.j.t.JMeterThread: Thread finished: Thread Group 1-141
2026-05-26 18:59:35,936 INFO o.a.j.t.JMeterThread: Thread started: Thread Group 1-142
2026-05-26 18:59:35,945 INFO o.a.j.t.JMeterThread: Thread is done: Thread Group 1-142
2026-05-26 18:59:35,945 INFO o.a.j.t.JMeterThread: Thread finished: Thread Group 1-142
2026-05-26 18:59:35,983 INFO o.a.j.t.JMeterThread: Thread started: Thread Group 1-143
2026-05-26 18:59:35,992 INFO o.a.j.t.JMeterThread: Thread is done: Thread Group 1-143
2026-05-26 18:59:35,992 INFO o.a.j.t.JMeterThread: Thread finished: Thread Group 1-143
2026-05-26 18:59:36,034 INFO o.a.j.t.JMeterThread: Thread started: Thread Group 1-144
2026-05-26 18:59:36,044 INFO o.a.j.t.JMeterThread: Thread is done: Thread Group 1-144
2026-05-26 18:59:36,044 INFO o.a.j.t.JMeterThread: Thread finished: Thread Group 1-144
2026-05-26 18:59:36,084 INFO o.a.j.t.JMeterThread: Thread started: Thread Group 1-145
2026-05-26 18:59:36,099 INFO o.a.j.t.JMeterThread: Thread is done: Thread Group 1-145
2026-05-26 18:59:36,099 INFO o.a.j.t.JMeterThread: Thread finished: Thread Group 1-145
2026-05-26 18:59:36,145 INFO o.a.j.t.JMeterThread: Thread started: Thread Group 1-146
2026-05-26 18:59:36,154 INFO o.a.j.t.JMeterThread: Thread is done: Thread Group 1-146
2026-05-26 18:59:36,154 INFO o.a.j.t.JMeterThread: Thread finished: Thread Group 1-146
2026-05-26 18:59:36,183 INFO o.a.j.t.JMeterThread: Thread started: Thread Group 1-147
2026-05-26 18:59:36,194 INFO o.a.j.t.JMeterThread: Thread is done: Thread Group 1-147
2026-05-26 18:59:36,194 INFO o.a.j.t.JMeterThread: Thread finished: Thread Group 1-147
2026-05-26 18:59:36,240 INFO o.a.j.t.JMeterThread: Thread started: Thread Group 1-148
2026-05-26 18:59:36,253 INFO o.a.j.t.JMeterThread: Thread is done: Thread Group 1-148
2026-05-26 18:59:36,253 INFO o.a.j.t.JMeterThread: Thread finished: Thread Group 1-148
2026-05-26 18:59:36,283 INFO o.a.j.t.JMeterThread: Thread started: Thread Group 1-149
2026-05-26 18:59:36,296 INFO o.a.j.t.JMeterThread: Thread is done: Thread Group 1-149
2026-05-26 18:59:36,296 INFO o.a.j.t.JMeterThread: Thread finished: Thread Group 1-149
2026-05-26 18:59:36,333 INFO o.a.j.t.JMeterThread: Thread started: Thread Group 1-150
2026-05-26 18:59:36,347 INFO o.a.j.t.JMeterThread: Thread is done: Thread Group 1-150
2026-05-26 18:59:36,347 INFO o.a.j.t.JMeterThread: Thread finished: Thread Group 1-150
2026-05-26 18:59:36,383 INFO o.a.j.t.JMeterThread: Thread started: Thread Group 1-151
2026-05-26 18:59:36,393 INFO o.a.j.t.JMeterThread: Thread is done: Thread Group 1-151
2026-05-26 18:59:36,393 INFO o.a.j.t.JMeterThread: Thread finished: Thread Group 1-151
2026-05-26 18:59:36,433 INFO o.a.j.t.JMeterThread: Thread started: Thread Group 1-152
2026-05-26 18:59:36,448 INFO o.a.j.t.JMeterThread: Thread is done: Thread Group 1-152
2026-05-26 18:59:36,448 INFO o.a.j.t.JMeterThread: Thread finished: Thread Group 1-152
2026-05-26 18:59:36,487 INFO o.a.j.t.JMeterThread: Thread started: Thread Group 1-153
2026-05-26 18:59:36,500 INFO o.a.j.t.JMeterThread: Thread is done: Thread Group 1-153
2026-05-26 18:59:36,500 INFO o.a.j.t.JMeterThread: Thread finished: Thread Group 1-153
2026-05-26 18:59:36,532 INFO o.a.j.t.JMeterThread: Thread started: Thread Group 1-154
2026-05-26 18:59:36,547 INFO o.a.j.t.JMeterThread: Thread is done: Thread Group 1-154
2026-05-26 18:59:36,547 INFO o.a.j.t.JMeterThread: Thread finished: Thread Group 1-154
2026-05-26 18:59:36,583 INFO o.a.j.t.JMeterThread: Thread started: Thread Group 1-155
2026-05-26 18:59:36,595 INFO o.a.j.t.JMeterThread: Thread is done: Thread Group 1-155
2026-05-26 18:59:36,595 INFO o.a.j.t.JMeterThread: Thread finished: Thread Group 1-155
2026-05-26 18:59:36,634 INFO o.a.j.t.JMeterThread: Thread started: Thread Group 1-156
2026-05-26 18:59:36,644 INFO o.a.j.t.JMeterThread: Thread is done: Thread Group 1-156
2026-05-26 18:59:36,644 INFO o.a.j.t.JMeterThread: Thread finished: Thread Group 1-156
2026-05-26 18:59:36,683 INFO o.a.j.t.JMeterThread: Thread started: Thread Group 1-157
2026-05-26 18:59:36,694 INFO o.a.j.t.JMeterThread: Thread is done: Thread Group 1-157
2026-05-26 18:59:36,694 INFO o.a.j.t.JMeterThread: Thread finished: Thread Group 1-157
2026-05-26 18:59:36,733 INFO o.a.j.t.JMeterThread: Thread started: Thread Group 1-158
2026-05-26 18:59:36,743 INFO o.a.j.t.JMeterThread: Thread is done: Thread Group 1-158
2026-05-26 18:59:36,743 INFO o.a.j.t.JMeterThread: Thread finished: Thread Group 1-158
2026-05-26 18:59:36,782 INFO o.a.j.t.JMeterThread: Thread started: Thread Group 1-159
2026-05-26 18:59:36,795 INFO o.a.j.t.JMeterThread: Thread is done: Thread Group 1-159
2026-05-26 18:59:36,795 INFO o.a.j.t.JMeterThread: Thread finished: Thread Group 1-159
2026-05-26 18:59:36,832 INFO o.a.j.t.JMeterThread: Thread started: Thread Group 1-160
2026-05-26 18:59:36,844 INFO o.a.j.t.JMeterThread: Thread is done: Thread Group 1-160
2026-05-26 18:59:36,844 INFO o.a.j.t.JMeterThread: Thread finished: Thread Group 1-160
2026-05-26 18:59:36,884 INFO o.a.j.t.JMeterThread: Thread started: Thread Group 1-161
2026-05-26 18:59:36,895 INFO o.a.j.t.JMeterThread: Thread is done: Thread Group 1-161
2026-05-26 18:59:36,895 INFO o.a.j.t.JMeterThread: Thread finished: Thread Group 1-161
2026-05-26 18:59:36,938 INFO o.a.j.t.JMeterThread: Thread started: Thread Group 1-162
2026-05-26 18:59:36,938 INFO o.a.j.t.JMeterThread: Thread is done: Thread Group 1-162
2026-05-26 18:59:36,938 INFO o.a.j.t.JMeterThread: Thread finished: Thread Group 1-162
2026-05-26 18:59:36,982 INFO o.a.j.t.JMeterThread: Thread started: Thread Group 1-163
2026-05-26 18:59:36,993 INFO o.a.j.t.JMeterThread: Thread is done: Thread Group 1-163
2026-05-26 18:59:36,993 INFO o.a.j.t.JMeterThread: Thread finished: Thread Group 1-163
2026-05-26 18:59:37,032 INFO o.a.j.t.JMeterThread: Thread started: Thread Group 1-164
2026-05-26 18:59:37,041 INFO o.a.j.t.JMeterThread: Thread is done: Thread Group 1-164
2026-05-26 18:59:37,041 INFO o.a.j.t.JMeterThread: Thread finished: Thread Group 1-164
2026-05-26 18:59:37,084 INFO o.a.j.t.JMeterThread: Thread started: Thread Group 1-165
2026-05-26 18:59:37,094 INFO o.a.j.t.JMeterThread: Thread is done: Thread Group 1-165
2026-05-26 18:59:37,094 INFO o.a.j.t.JMeterThread: Thread finished: Thread Group 1-165
2026-05-26 18:59:37,134 INFO o.a.j.t.JMeterThread: Thread started: Thread Group 1-166
2026-05-26 18:59:37,147 INFO o.a.j.t.JMeterThread: Thread is done: Thread Group 1-166
2026-05-26 18:59:37,147 INFO o.a.j.t.JMeterThread: Thread finished: Thread Group 1-166
2026-05-26 18:59:37,183 INFO o.a.j.t.JMeterThread: Thread started: Thread Group 1-167
2026-05-26 18:59:37,192 INFO o.a.j.t.JMeterThread: Thread is done: Thread Group 1-167
2026-05-26 18:59:37,192 INFO o.a.j.t.JMeterThread: Thread finished: Thread Group 1-167
2026-05-26 18:59:37,233 INFO o.a.j.t.JMeterThread: Thread started: Thread Group 1-168
2026-05-26 18:59:37,247 INFO o.a.j.t.JMeterThread: Thread is done: Thread Group 1-168
2026-05-26 18:59:37,247 INFO o.a.j.t.JMeterThread: Thread finished: Thread Group 1-168
2026-05-26 18:59:37,283 INFO o.a.j.t.JMeterThread: Thread started: Thread Group 1-169
2026-05-26 18:59:37,296 INFO o.a.j.t.JMeterThread: Thread is done: Thread Group 1-169
2026-05-26 18:59:37,296 INFO o.a.j.t.JMeterThread: Thread finished: Thread Group 1-169
2026-05-26 18:59:37,333 INFO o.a.j.t.JMeterThread: Thread started: Thread Group 1-170
2026-05-26 18:59:37,347 INFO o.a.j.t.JMeterThread: Thread is done: Thread Group 1-170
2026-05-26 18:59:37,347 INFO o.a.j.t.JMeterThread: Thread finished: Thread Group 1-170
2026-05-26 18:59:37,383 INFO o.a.j.t.JMeterThread: Thread started: Thread Group 1-171
2026-05-26 18:59:37,393 INFO o.a.j.t.JMeterThread: Thread is done: Thread Group 1-171
2026-05-26 18:59:37,393 INFO o.a.j.t.JMeterThread: Thread finished: Thread Group 1-171
2026-05-26 18:59:37,433 INFO o.a.j.t.JMeterThread: Thread started: Thread Group 1-172
2026-05-26 18:59:37,444 INFO o.a.j.t.JMeterThread: Thread is done: Thread Group 1-172
2026-05-26 18:59:37,444 INFO o.a.j.t.JMeterThread: Thread finished: Thread Group 1-172
2026-05-26 18:59:37,483 INFO o.a.j.t.JMeterThread: Thread started: Thread Group 1-173
2026-05-26 18:59:37,494 INFO o.a.j.t.JMeterThread: Thread is done: Thread Group 1-173
2026-05-26 18:59:37,495 INFO o.a.j.t.JMeterThread: Thread finished: Thread Group 1-173
2026-05-26 18:59:37,533 INFO o.a.j.t.JMeterThread: Thread started: Thread Group 1-174
2026-05-26 18:59:37,546 INFO o.a.j.t.JMeterThread: Thread is done: Thread Group 1-174
2026-05-26 18:59:37,546 INFO o.a.j.t.JMeterThread: Thread finished: Thread Group 1-174
2026-05-26 18:59:37,582 INFO o.a.j.t.JMeterThread: Thread started: Thread Group 1-175
2026-05-26 18:59:37,597 INFO o.a.j.t.JMeterThread: Thread is done: Thread Group 1-175
2026-05-26 18:59:37,597 INFO o.a.j.t.JMeterThread: Thread finished: Thread Group 1-175
2026-05-26 18:59:37,632 INFO o.a.j.t.JMeterThread: Thread started: Thread Group 1-176
2026-05-26 18:59:37,643 INFO o.a.j.t.JMeterThread: Thread is done: Thread Group 1-176
2026-05-26 18:59:37,643 INFO o.a.j.t.JMeterThread: Thread finished: Thread Group 1-176
2026-05-26 18:59:37,683 INFO o.a.j.t.JMeterThread: Thread started: Thread Group 1-177
2026-05-26 18:59:37,694 INFO o.a.j.t.JMeterThread: Thread is done: Thread Group 1-177
2026-05-26 18:59:37,694 INFO o.a.j.t.JMeterThread: Thread finished: Thread Group 1-177
2026-05-26 18:59:37,734 INFO o.a.j.t.JMeterThread: Thread started: Thread Group 1-178
2026-05-26 18:59:37,747 INFO o.a.j.t.JMeterThread: Thread is done: Thread Group 1-178
2026-05-26 18:59:37,747 INFO o.a.j.t.JMeterThread: Thread finished: Thread Group 1-178
2026-05-26 18:59:37,783 INFO o.a.j.t.JMeterThread: Thread started: Thread Group 1-179
2026-05-26 18:59:37,793 INFO o.a.j.t.JMeterThread: Thread is done: Thread Group 1-179
2026-05-26 18:59:37,793 INFO o.a.j.t.JMeterThread: Thread finished: Thread Group 1-179
2026-05-26 18:59:37,832 INFO o.a.j.t.JMeterThread: Thread started: Thread Group 1-180
2026-05-26 18:59:37,843 INFO o.a.j.t.JMeterThread: Thread is done: Thread Group 1-180
2026-05-26 18:59:37,843 INFO o.a.j.t.JMeterThread: Thread finished: Thread Group 1-180
2026-05-26 18:59:37,882 INFO o.a.j.t.JMeterThread: Thread started: Thread Group 1-181
2026-05-26 18:59:37,899 INFO o.a.j.t.JMeterThread: Thread is done: Thread Group 1-181
2026-05-26 18:59:37,899 INFO o.a.j.t.JMeterThread: Thread finished: Thread Group 1-181
2026-05-26 18:59:37,933 INFO o.a.j.t.JMeterThread: Thread started: Thread Group 1-182
2026-05-26 18:59:37,933 INFO o.a.j.t.JMeterThread: Thread is done: Thread Group 1-182
2026-05-26 18:59:37,933 INFO o.a.j.t.JMeterThread: Thread finished: Thread Group 1-182
2026-05-26 18:59:37,984 INFO o.a.j.t.JMeterThread: Thread started: Thread Group 1-183
2026-05-26 18:59:38,007 INFO o.a.j.t.JMeterThread: Thread is done: Thread Group 1-183
2026-05-26 18:59:38,007 INFO o.a.j.t.JMeterThread: Thread finished: Thread Group 1-183
2026-05-26 18:59:38,033 INFO o.a.j.t.JMeterThread: Thread started: Thread Group 1-184
2026-05-26 18:59:38,052 INFO o.a.j.t.JMeterThread: Thread is done: Thread Group 1-184
2026-05-26 18:59:38,052 INFO o.a.j.t.JMeterThread: Thread finished: Thread Group 1-184
2026-05-26 18:59:38,083 INFO o.a.j.t.JMeterThread: Thread started: Thread Group 1-185
2026-05-26 18:59:38,096 INFO o.a.j.t.JMeterThread: Thread is done: Thread Group 1-185
2026-05-26 18:59:38,097 INFO o.a.j.t.JMeterThread: Thread finished: Thread Group 1-185
2026-05-26 18:59:38,133 INFO o.a.j.t.JMeterThread: Thread started: Thread Group 1-186
2026-05-26 18:59:38,149 INFO o.a.j.t.JMeterThread: Thread is done: Thread Group 1-186
2026-05-26 18:59:38,149 INFO o.a.j.t.JMeterThread: Thread finished: Thread Group 1-186
2026-05-26 18:59:38,184 INFO o.a.j.t.JMeterThread: Thread started: Thread Group 1-187
2026-05-26 18:59:38,196 INFO o.a.j.t.JMeterThread: Thread is done: Thread Group 1-187
2026-05-26 18:59:38,196 INFO o.a.j.t.JMeterThread: Thread finished: Thread Group 1-187
2026-05-26 18:59:38,234 INFO o.a.j.t.JMeterThread: Thread started: Thread Group 1-188
2026-05-26 18:59:38,247 INFO o.a.j.t.JMeterThread: Thread is done: Thread Group 1-188
2026-05-26 18:59:38,247 INFO o.a.j.t.JMeterThread: Thread finished: Thread Group 1-188
2026-05-26 18:59:38,282 INFO o.a.j.t.JMeterThread: Thread started: Thread Group 1-189
2026-05-26 18:59:38,294 INFO o.a.j.t.JMeterThread: Thread is done: Thread Group 1-189
2026-05-26 18:59:38,294 INFO o.a.j.t.JMeterThread: Thread finished: Thread Group 1-189
2026-05-26 18:59:38,333 INFO o.a.j.t.JMeterThread: Thread started: Thread Group 1-190
2026-05-26 18:59:38,344 INFO o.a.j.t.JMeterThread: Thread is done: Thread Group 1-190
2026-05-26 18:59:38,344 INFO o.a.j.t.JMeterThread: Thread finished: Thread Group 1-190
2026-05-26 18:59:38,383 INFO o.a.j.t.JMeterThread: Thread started: Thread Group 1-191
2026-05-26 18:59:38,392 INFO o.a.j.t.JMeterThread: Thread is done: Thread Group 1-191
2026-05-26 18:59:38,392 INFO o.a.j.t.JMeterThread: Thread finished: Thread Group 1-191
2026-05-26 18:59:38,433 INFO o.a.j.t.JMeterThread: Thread started: Thread Group 1-192
2026-05-26 18:59:38,444 INFO o.a.j.t.JMeterThread: Thread is done: Thread Group 1-192
2026-05-26 18:59:38,444 INFO o.a.j.t.JMeterThread: Thread finished: Thread Group 1-192
2026-05-26 18:59:38,482 INFO o.a.j.t.JMeterThread: Thread started: Thread Group 1-193
2026-05-26 18:59:38,497 INFO o.a.j.t.JMeterThread: Thread is done: Thread Group 1-193
2026-05-26 18:59:38,497 INFO o.a.j.t.JMeterThread: Thread finished: Thread Group 1-193
2026-05-26 18:59:38,532 INFO o.a.j.t.JMeterThread: Thread started: Thread Group 1-194
2026-05-26 18:59:38,545 INFO o.a.j.t.JMeterThread: Thread is done: Thread Group 1-194
2026-05-26 18:59:38,545 INFO o.a.j.t.JMeterThread: Thread finished: Thread Group 1-194
2026-05-26 18:59:38,582 INFO o.a.j.t.JMeterThread: Thread started: Thread Group 1-195
2026-05-26 18:59:38,594 INFO o.a.j.t.JMeterThread: Thread is done: Thread Group 1-195
2026-05-26 18:59:38,594 INFO o.a.j.t.JMeterThread: Thread finished: Thread Group 1-195
2026-05-26 18:59:38,634 INFO o.a.j.t.JMeterThread: Thread started: Thread Group 1-196
2026-05-26 18:59:38,647 INFO o.a.j.t.JMeterThread: Thread is done: Thread Group 1-196
2026-05-26 18:59:38,647 INFO o.a.j.t.JMeterThread: Thread finished: Thread Group 1-196
2026-05-26 18:59:38,683 INFO o.a.j.t.JMeterThread: Thread started: Thread Group 1-197
2026-05-26 18:59:38,695 INFO o.a.j.t.JMeterThread: Thread is done: Thread Group 1-197
2026-05-26 18:59:38,695 INFO o.a.j.t.JMeterThread: Thread finished: Thread Group 1-197
2026-05-26 18:59:38,733 INFO o.a.j.t.JMeterThread: Thread started: Thread Group 1-198
2026-05-26 18:59:38,743 INFO o.a.j.t.JMeterThread: Thread is done: Thread Group 1-198
2026-05-26 18:59:38,743 INFO o.a.j.t.JMeterThread: Thread finished: Thread Group 1-198
2026-05-26 18:59:38,783 INFO o.a.j.t.JMeterThread: Thread started: Thread Group 1-199
2026-05-26 18:59:38,793 INFO o.a.j.t.JMeterThread: Thread is done: Thread Group 1-199
2026-05-26 18:59:38,793 INFO o.a.j.t.JMeterThread: Thread finished: Thread Group 1-199
2026-05-26 18:59:38,834 INFO o.a.j.t.JMeterThread: Thread started: Thread Group 1-200
2026-05-26 18:59:38,834 INFO o.a.j.t.JMeterThread: Thread is done: Thread Group 1-200
2026-05-26 18:59:38,834 INFO o.a.j.t.JMeterThread: Thread finished: Thread Group 1-200
2026-05-26 18:59:38,834 INFO o.a.j.e.StandardJMeterEngine: Notifying test listeners of end of test
2026-05-26 18:59:38,834 INFO o.a.j.r.Summariser: summary +    176 in 00:00:09 =   20.0/s Avg:    10 Min:     7 Max:    39 Err:     0 (0.00%) Active: 0 Started: 200 Finished: 200
2026-05-26 18:59:38,834 INFO o.a.j.r.Summariser: summary =    200 in 00:00:10 =   20.1/s Avg:    11 Min:     7 Max:    42 Err:     0 (0.00%)
2026-05-26 18:59:38,834 INFO o.a.j.JMeter: Generating Dashboard
2026-05-26 18:59:38,834 INFO o.a.j.r.d.ReportGenerator: Flushing result collector before report Generation
2026-05-26 18:59:38,895 INFO o.a.j.r.p.NormalizerSampleConsumer: Using format, 'ms', to parse timeStamp field
2026-05-26 18:59:38,986 INFO o.a.j.r.p.AbstractSampleConsumer: class org.apache.jmeter.report.processor.AggregateConsumer#stopProducing(): beginDate produced 0 samples
2026-05-26 18:59:38,987 INFO o.a.j.r.p.AbstractSampleConsumer: class org.apache.jmeter.report.processor.AggregateConsumer#stopProducing(): endDate produced 0 samples
2026-05-26 18:59:38,991 INFO o.a.j.r.p.AbstractSampleConsumer: class org.apache.jmeter.report.processor.ApdexSummaryConsumer#stopProducing(): apdexSummary produced 0 samples
2026-05-26 18:59:38,991 INFO o.a.j.r.p.AbstractSampleConsumer: class org.apache.jmeter.report.processor.RequestsSummaryConsumer#stopProducing(): requestsSummary produced 0 samples
2026-05-26 18:59:38,991 INFO o.a.j.r.p.AbstractSampleConsumer: class org.apache.jmeter.report.processor.StatisticsSummaryConsumer#stopProducing(): statisticsSummary produced 0 samples
2026-05-26 18:59:38,991 INFO o.a.j.r.p.AbstractSampleConsumer: class org.apache.jmeter.report.processor.Top5ErrorsBySamplerConsumer#stopProducing(): top5ErrorsBySampler produced 0 samples
2026-05-26 18:59:38,991 INFO o.a.j.r.p.AbstractSampleConsumer: class org.apache.jmeter.report.processor.ErrorsSummaryConsumer#stopProducing(): errorsSummary produced 0 samples
2026-05-26 18:59:38,991 INFO o.a.j.r.p.AbstractSampleConsumer: class org.apache.jmeter.report.processor.graph.impl.HitsPerSecondGraphConsumer#stopProducing(): hitsPerSecond produced 0 samples
2026-05-26 18:59:39,058 INFO o.a.j.r.p.AbstractSampleConsumer: class org.apache.jmeter.report.processor.graph.impl.LatencyVSRequestGraphConsumer#stopProducing(): latencyVsRequest produced 0 samples
2026-05-26 18:59:39,058 INFO o.a.j.r.p.AbstractSampleConsumer: class org.apache.jmeter.report.processor.graph.impl.SyntheticResponseTimeDistributionGraphConsumer#stopProducing(): syntheticResponseTimeDistribution produced 0 samples
2026-05-26 18:59:39,058 INFO o.a.j.r.p.AbstractSampleConsumer: class org.apache.jmeter.report.processor.graph.impl.BytesThroughputGraphConsumer#stopProducing(): bytesThroughputOverTime produced 0 samples
2026-05-26 18:59:39,058 INFO o.a.j.r.p.AbstractSampleConsumer: class org.apache.jmeter.report.processor.graph.impl.CodesPerSecondGraphConsumer#stopProducing(): codesPerSecond produced 0 samples
2026-05-26 18:59:39,102 INFO o.a.j.r.p.AbstractSampleConsumer: class org.apache.jmeter.report.processor.graph.impl.ResponseTimeVSRequestGraphConsumer#stopProducing(): responseTimeVsRequest produced 0 samples
2026-05-26 18:59:39,112 INFO o.a.j.r.p.AbstractSampleConsumer: class org.apache.jmeter.report.processor.FilterConsumer#stopProducing(): startIntervalControlerFilter produced 1400 samples
2026-05-26 18:59:39,112 INFO o.a.j.r.p.AbstractSampleConsumer: class org.apache.jmeter.report.processor.graph.impl.TotalTPSGraphConsumer#stopProducing(): totalTPS produced 0 samples
2026-05-26 18:59:39,112 INFO o.a.j.r.p.AbstractSampleConsumer: class org.apache.jmeter.report.processor.graph.impl.ActiveThreadsGraphConsumer#stopProducing(): activeThreadsOverTime produced 0 samples
2026-05-26 18:59:39,112 INFO o.a.j.r.p.AbstractSampleConsumer: class org.apache.jmeter.report.processor.graph.impl.TimeVSThreadGraphConsumer#stopProducing(): timeVsThreads produced 0 samples
2026-05-26 18:59:39,112 INFO o.a.j.r.p.AbstractSampleConsumer: class org.apache.jmeter.report.processor.graph.impl.ResponseTimeDistributionGraphConsumer#stopProducing(): responseTimeDistribution produced 0 samples
2026-05-26 18:59:39,112 INFO o.a.j.r.p.AbstractSampleConsumer: class org.apache.jmeter.report.processor.graph.impl.TransactionsPerSecondGraphConsumer#stopProducing(): transactionsPerSecond produced 0 samples
2026-05-26 18:59:39,112 INFO o.a.j.r.p.AbstractSampleConsumer: class org.apache.jmeter.report.processor.graph.impl.ResponseTimePercentilesGraphConsumer#stopProducing(): responseTimePercentiles produced 0 samples
2026-05-26 18:59:39,112 INFO o.a.j.r.p.AbstractSampleConsumer: class org.apache.jmeter.report.processor.graph.impl.ResponseTimePercentilesOverTimeGraphConsumer#stopProducing(): responseTimePercentilesOverTime produced 0 samples
2026-05-26 18:59:39,112 INFO o.a.j.r.p.AbstractSampleConsumer: class org.apache.jmeter.report.processor.graph.impl.ResponseTimeOverTimeGraphConsumer#stopProducing(): responseTimesOverTime produced 0 samples
2026-05-26 18:59:39,112 INFO o.a.j.r.p.AbstractSampleConsumer: class org.apache.jmeter.report.processor.graph.impl.ConnectTimeOverTimeGraphConsumer#stopProducing(): connectTimeOverTime produced 0 samples
2026-05-26 18:59:39,112 INFO o.a.j.r.p.AbstractSampleConsumer: class org.apache.jmeter.report.processor.graph.impl.LatencyOverTimeGraphConsumer#stopProducing(): latenciesOverTime produced 0 samples
2026-05-26 18:59:39,112 INFO o.a.j.r.p.AbstractSampleConsumer: class org.apache.jmeter.report.processor.FilterConsumer#stopProducing(): nameFilter produced 3000 samples
2026-05-26 18:59:39,112 INFO o.a.j.r.p.AbstractSampleConsumer: class org.apache.jmeter.report.processor.FilterConsumer#stopProducing(): dateRangeFilter produced 600 samples
2026-05-26 18:59:39,112 INFO o.a.j.r.p.AbstractSampleConsumer: class org.apache.jmeter.report.processor.NormalizerSampleConsumer#stopProducing(): normalizer produced 200 samples
2026-05-26 18:59:39,112 INFO o.a.j.r.p.CsvFileSampleSource: produce(): 200 samples produced in 196ms on channel 0
2026-05-26 18:59:39,112 INFO o.a.j.r.d.ReportGenerator: Exporting data using exporter:'json' of className:'org.apache.jmeter.report.dashboard.JsonExporter'
2026-05-26 18:59:39,166 INFO o.a.j.r.d.JsonExporter: Found data for consumer statisticsSummary in context
2026-05-26 18:59:39,182 INFO o.a.j.r.d.JsonExporter: Creating statistics for overall
2026-05-26 18:59:39,182 INFO o.a.j.r.d.JsonExporter: Creating statistics for other transactions
2026-05-26 18:59:39,182 INFO o.a.j.r.d.JsonExporter: Checking output folder
2026-05-26 18:59:39,182 INFO o.a.j.r.d.JsonExporter: Writing statistics JSON to D:\exm2\api-orders\reporte_jmeter\statistics.json
2026-05-26 18:59:39,230 INFO o.a.j.r.d.ReportGenerator: Exporting data using exporter:'html' of className:'org.apache.jmeter.report.dashboard.HtmlTemplateExporter'
2026-05-26 18:59:39,246 INFO o.a.j.r.d.HtmlTemplateExporter: Will generate dashboard in folder: D:\exm2\api-orders\reporte_jmeter
2026-05-26 18:59:39,377 INFO o.a.j.r.d.HtmlTemplateExporter: Report will be generated in: D:\exm2\api-orders\reporte_jmeter, creating folder structure
2026-05-26 18:59:39,379 INFO o.a.j.r.d.TemplateVisitor: Copying folder from 'D:\Jmeter\bin\report-template' to 'D:\exm2\api-orders\reporte_jmeter', got message: D:\exm2\api-orders\reporte_jmeter, found non empty folder with following content [D:\exm2\api-orders\reporte_jmeter\statistics.json], will be ignored
2026-05-26 18:59:39,964 INFO o.a.j.JMeter: Dashboard generated
